<!DOCTYPE html>
<html>
  <body>
    <div data-url="aasd">
      <p class="paragraph" style="background: #fff">Hei</p>
      <p class="paragraph" style="background: #fff">Hei</p>
      <p class="paragraph" style="background: #fff; color: #000">Hei</p>
      <p class="paragraph">Hei</p>
    </div>
  </body>
</html>
