<!DOCTYPE html>
<html>
  <body>
    <p>
      <!-- one line html comment -->
    </p>
    <p>
      <!--
        multiline
        html
        comment
        <p>jee</p>
      -->
    </p>
    <p>

    </p>
    <p>

    </p>
  </body>
</html>
