<!DOCTYPE html>
<html>
  <head>
    <style type="text/css">
      body { color: #000; }
      
      p {
        color: #fff;
      }
    </style>
    %p should not render
    / neither this
  </head>
  <body>
    <p>test</p>
    <p>
      %p testing plain
        nesting
          nesting
          = 2 + 2
    </p>
  </body>
</html>
